/cluster/home/dammeier/.local/lib/python3.11/site-packages/torch/utils/_pytree.py:185: FutureWarning: optree is installed but the version is too old to support PyTorch Dynamo in C++ pytree. C++ pytree support is disabled. Please consider upgrading optree using `python3 -m pip install --upgrade 'optree>=0.13.0'`.
  warnings.warn(
/cluster/home/dammeier/.local/lib/python3.11/site-packages/kornia/feature/lightglue.py:44: FutureWarning: `torch.cuda.amp.custom_fwd(args...)` is deprecated. Please use `torch.amp.custom_fwd(args..., device_type='cuda')` instead.
  @torch.cuda.amp.custom_fwd(cast_inputs=torch.float32)
Warning: n_epochs set to 1 instead of 100.

[ 09-20 | 19:31 ] Task 1 | epoch 0

Accuracy for 1 task(s): 	 [Class-IL]: 26.7
	Raw accuracy values: Class-IL [26.700000000000003]

Accuracy for 1 task(s): 	 [Class-IL]: 55.6
	Raw accuracy values: Class-IL [55.59999942779541]

Accuracy for 1 task(s): 	 [Class-IL]: 55.6
	Raw accuracy values: Class-IL [55.59999942779541]
[ 09-20 | 19:33 ] Task 2 | epoch 0
Traceback (most recent call last):
  File "/cluster/home/dammeier/mammoth-bachelorthesis/utils/main.py", line 212, in <module>
    main()
  File "/cluster/home/dammeier/mammoth-bachelorthesis/utils/main.py", line 208, in main
    train(model, dataset, args)
  File "/cluster/home/dammeier/mammoth-bachelorthesis/utils/training.py", line 232, in train
    logger_NC.log(dataset, model)    
    ^^^^^^^^^^^^^^^^^^^^^^^^^^^^^
  File "/cluster/home/dammeier/.local/lib/python3.11/site-packages/torch/utils/_contextlib.py", line 116, in decorate_context
    return func(*args, **kwargs)
           ^^^^^^^^^^^^^^^^^^^^^
  File "/cluster/home/dammeier/mammoth-bachelorthesis/utils/loggers_NC.py", line 275, in log
    if (dataset.SETTING == 'class-il') and (model.args.training_setting == 'class-il'):
                     ^^^^^^^^^^^^^^^^^^^^^^^^^^^^^^^^^
torch._C._LinAlgError: linalg.svd: The algorithm failed to converge because the input matrix contained non-finite values.
