/cluster/home/dammeier/.local/lib/python3.11/site-packages/torch/utils/_pytree.py:185: FutureWarning: optree is installed but the version is too old to support PyTorch Dynamo in C++ pytree. C++ pytree support is disabled. Please consider upgrading optree using `python3 -m pip install --upgrade 'optree>=0.13.0'`.
  warnings.warn(
/cluster/home/dammeier/.local/lib/python3.11/site-packages/kornia/feature/lightglue.py:44: FutureWarning: `torch.cuda.amp.custom_fwd(args...)` is deprecated. Please use `torch.amp.custom_fwd(args..., device_type='cuda')` instead.
  @torch.cuda.amp.custom_fwd(cast_inputs=torch.float32)
Warning: n_epochs set to 200 instead of 100.

[ 09-20 | 14:06 ] Task 1 | epoch 0
[ 09-20 | 14:06 ] Task 1 | epoch 1
[ 09-20 | 14:06 ] Task 1 | epoch 2
[ 09-20 | 14:06 ] Task 1 | epoch 3
[ 09-20 | 14:06 ] Task 1 | epoch 4
[ 09-20 | 14:06 ] Task 1 | epoch 5
[ 09-20 | 14:06 ] Task 1 | epoch 6
[ 09-20 | 14:06 ] Task 1 | epoch 7
[ 09-20 | 14:06 ] Task 1 | epoch 8
[ 09-20 | 14:06 ] Task 1 | epoch 9
[ 09-20 | 14:06 ] Task 1 | epoch 10
[ 09-20 | 14:06 ] Task 1 | epoch 11
[ 09-20 | 14:06 ] Task 1 | epoch 12
[ 09-20 | 14:07 ] Task 1 | epoch 13
[ 09-20 | 14:07 ] Task 1 | epoch 14
[ 09-20 | 14:07 ] Task 1 | epoch 15
[ 09-20 | 14:07 ] Task 1 | epoch 16
[ 09-20 | 14:07 ] Task 1 | epoch 17
[ 09-20 | 14:07 ] Task 1 | epoch 18
[ 09-20 | 14:07 ] Task 1 | epoch 19
[ 09-20 | 14:07 ] Task 1 | epoch 20
[ 09-20 | 14:07 ] Task 1 | epoch 21
[ 09-20 | 14:07 ] Task 1 | epoch 22
[ 09-20 | 14:07 ] Task 1 | epoch 23
[ 09-20 | 14:07 ] Task 1 | epoch 24
[ 09-20 | 14:07 ] Task 1 | epoch 25
[ 09-20 | 14:07 ] Task 1 | epoch 26
[ 09-20 | 14:07 ] Task 1 | epoch 27
[ 09-20 | 14:07 ] Task 1 | epoch 28
[ 09-20 | 14:07 ] Task 1 | epoch 29
[ 09-20 | 14:08 ] Task 1 | epoch 30
[ 09-20 | 14:08 ] Task 1 | epoch 31
[ 09-20 | 14:08 ] Task 1 | epoch 32
[ 09-20 | 14:08 ] Task 1 | epoch 33
[ 09-20 | 14:08 ] Task 1 | epoch 34
[ 09-20 | 14:08 ] Task 1 | epoch 35
[ 09-20 | 14:08 ] Task 1 | epoch 36
[ 09-20 | 14:08 ] Task 1 | epoch 37
[ 09-20 | 14:08 ] Task 1 | epoch 38
[ 09-20 | 14:08 ] Task 1 | epoch 39
[ 09-20 | 14:08 ] Task 1 | epoch 40
[ 09-20 | 14:08 ] Task 1 | epoch 41
[ 09-20 | 14:08 ] Task 1 | epoch 42
[ 09-20 | 14:08 ] Task 1 | epoch 43
slurmstepd: error: *** JOB 43360983 ON eu-lo-g3-061 CANCELLED AT 2025-09-20T14:08:50 ***
